
> Configure project :app
WARNING: Using flatDir should be avoided because it doesn't support any meta-data formats.

> Configure project :capacitor-cordova-android-plugins
WARNING: Using flatDir should be avoided because it doesn't support any meta-data formats.

> Task :app:preBuild UP-TO-DATE
> Task :app:preReleaseBuild UP-TO-DATE
> Task :app:mergeReleaseJniLibFolders UP-TO-DATE
> Task :capacitor-android:preBuild UP-TO-DATE
> Task :capacitor-android:preReleaseBuild UP-TO-DATE
> Task :capacitor-android:mergeReleaseJniLibFolders UP-TO-DATE
> Task :capacitor-android:mergeReleaseNativeLibs NO-SOURCE
> Task :capacitor-android:copyReleaseJniLibsProjectOnly UP-TO-DATE
> Task :capacitor-app:preBuild UP-TO-DATE
> Task :capacitor-app:preReleaseBuild UP-TO-DATE
> Task :capacitor-app:mergeReleaseJniLibFolders UP-TO-DATE
> Task :capacitor-app:mergeReleaseNativeLibs NO-SOURCE
> Task :capacitor-app:copyReleaseJniLibsProjectOnly UP-TO-DATE
> Task :capacitor-cordova-android-plugins:preBuild UP-TO-DATE
> Task :capacitor-cordova-android-plugins:preReleaseBuild UP-TO-DATE
> Task :capacitor-cordova-android-plugins:mergeReleaseJniLibFolders UP-TO-DATE
> Task :capacitor-cordova-android-plugins:mergeReleaseNativeLibs NO-SOURCE
> Task :capacitor-cordova-android-plugins:copyReleaseJniLibsProjectOnly UP-TO-DATE
> Task :capacitor-haptics:preBuild UP-TO-DATE
> Task :capacitor-haptics:preReleaseBuild UP-TO-DATE
> Task :capacitor-haptics:mergeReleaseJniLibFolders UP-TO-DATE
> Task :capacitor-haptics:mergeReleaseNativeLibs NO-SOURCE
> Task :capacitor-haptics:copyReleaseJniLibsProjectOnly UP-TO-DATE
> Task :capacitor-splash-screen:preBuild UP-TO-DATE
> Task :capacitor-splash-screen:preReleaseBuild UP-TO-DATE
> Task :capacitor-splash-screen:mergeReleaseJniLibFolders UP-TO-DATE
> Task :capacitor-splash-screen:mergeReleaseNativeLibs NO-SOURCE
> Task :capacitor-splash-screen:copyReleaseJniLibsProjectOnly UP-TO-DATE
> Task :capacitor-status-bar:preBuild UP-TO-DATE
> Task :capacitor-status-bar:preReleaseBuild UP-TO-DATE
> Task :capacitor-status-bar:mergeReleaseJniLibFolders UP-TO-DATE
> Task :capacitor-status-bar:mergeReleaseNativeLibs NO-SOURCE
> Task :capacitor-status-bar:copyReleaseJniLibsProjectOnly UP-TO-DATE
> Task :codetrix-studio-capacitor-google-auth:preBuild UP-TO-DATE
> Task :codetrix-studio-capacitor-google-auth:preReleaseBuild UP-TO-DATE
> Task :codetrix-studio-capacitor-google-auth:mergeReleaseJniLibFolders UP-TO-DATE
> Task :codetrix-studio-capacitor-google-auth:mergeReleaseNativeLibs NO-SOURCE
> Task :codetrix-studio-capacitor-google-auth:copyReleaseJniLibsProjectOnly UP-TO-DATE
> Task :app:mergeReleaseNativeLibs NO-SOURCE
> Task :app:stripReleaseDebugSymbols NO-SOURCE
> Task :app:extractReleaseNativeSymbolTables NO-SOURCE
> Task :app:mergeReleaseNativeDebugMetadata NO-SOURCE
> Task :capacitor-android:generateReleaseResValues UP-TO-DATE
> Task :capacitor-android:generateReleaseResources UP-TO-DATE
> Task :capacitor-android:packageReleaseResources UP-TO-DATE
> Task :capacitor-android:processReleaseNavigationResources UP-TO-DATE
> Task :capacitor-android:parseReleaseLocalResources UP-TO-DATE
> Task :capacitor-android:generateReleaseRFile UP-TO-DATE
> Task :capacitor-android:javaPreCompileRelease UP-TO-DATE
> Task :capacitor-android:compileReleaseJavaWithJavac UP-TO-DATE
> Task :capacitor-android:bundleLibCompileToJarRelease UP-TO-DATE
> Task :capacitor-app:generateReleaseResValues UP-TO-DATE
> Task :capacitor-app:generateReleaseResources UP-TO-DATE
> Task :capacitor-app:packageReleaseResources UP-TO-DATE
> Task :capacitor-app:processReleaseNavigationResources UP-TO-DATE
> Task :capacitor-app:parseReleaseLocalResources UP-TO-DATE
> Task :capacitor-app:generateReleaseRFile UP-TO-DATE
> Task :capacitor-app:javaPreCompileRelease UP-TO-DATE
> Task :capacitor-app:compileReleaseJavaWithJavac UP-TO-DATE
> Task :capacitor-app:mergeReleaseGeneratedProguardFiles UP-TO-DATE
> Task :capacitor-app:exportReleaseConsumerProguardFiles UP-TO-DATE
> Task :capacitor-haptics:generateReleaseResValues UP-TO-DATE
> Task :capacitor-haptics:generateReleaseResources UP-TO-DATE
> Task :capacitor-haptics:packageReleaseResources UP-TO-DATE
> Task :capacitor-haptics:processReleaseNavigationResources UP-TO-DATE
> Task :capacitor-haptics:parseReleaseLocalResources UP-TO-DATE
> Task :capacitor-haptics:generateReleaseRFile UP-TO-DATE
> Task :capacitor-haptics:javaPreCompileRelease UP-TO-DATE
> Task :capacitor-haptics:compileReleaseJavaWithJavac UP-TO-DATE
> Task :capacitor-haptics:mergeReleaseGeneratedProguardFiles UP-TO-DATE
> Task :capacitor-haptics:exportReleaseConsumerProguardFiles UP-TO-DATE
> Task :capacitor-splash-screen:generateReleaseResValues UP-TO-DATE
> Task :capacitor-splash-screen:generateReleaseResources UP-TO-DATE
> Task :capacitor-splash-screen:packageReleaseResources UP-TO-DATE
> Task :capacitor-splash-screen:processReleaseNavigationResources UP-TO-DATE
> Task :capacitor-splash-screen:parseReleaseLocalResources UP-TO-DATE
> Task :capacitor-splash-screen:generateReleaseRFile UP-TO-DATE
> Task :capacitor-splash-screen:javaPreCompileRelease UP-TO-DATE
> Task :capacitor-splash-screen:compileReleaseJavaWithJavac UP-TO-DATE
> Task :capacitor-splash-screen:mergeReleaseGeneratedProguardFiles UP-TO-DATE
> Task :capacitor-splash-screen:exportReleaseConsumerProguardFiles UP-TO-DATE
> Task :capacitor-status-bar:generateReleaseResValues UP-TO-DATE
> Task :capacitor-status-bar:generateReleaseResources UP-TO-DATE
> Task :capacitor-status-bar:packageReleaseResources UP-TO-DATE
> Task :capacitor-status-bar:processReleaseNavigationResources UP-TO-DATE
> Task :capacitor-status-bar:parseReleaseLocalResources UP-TO-DATE
> Task :capacitor-status-bar:generateReleaseRFile UP-TO-DATE
> Task :capacitor-status-bar:javaPreCompileRelease UP-TO-DATE
> Task :capacitor-status-bar:compileReleaseJavaWithJavac UP-TO-DATE
> Task :capacitor-status-bar:mergeReleaseGeneratedProguardFiles UP-TO-DATE
> Task :capacitor-status-bar:exportReleaseConsumerProguardFiles UP-TO-DATE
> Task :codetrix-studio-capacitor-google-auth:generateReleaseResValues UP-TO-DATE
> Task :codetrix-studio-capacitor-google-auth:generateReleaseResources UP-TO-DATE
> Task :codetrix-studio-capacitor-google-auth:packageReleaseResources UP-TO-DATE
> Task :codetrix-studio-capacitor-google-auth:processReleaseNavigationResources UP-TO-DATE
> Task :codetrix-studio-capacitor-google-auth:parseReleaseLocalResources UP-TO-DATE
> Task :codetrix-studio-capacitor-google-auth:generateReleaseRFile UP-TO-DATE
> Task :codetrix-studio-capacitor-google-auth:javaPreCompileRelease UP-TO-DATE
> Task :codetrix-studio-capacitor-google-auth:compileReleaseJavaWithJavac UP-TO-DATE
> Task :codetrix-studio-capacitor-google-auth:mergeReleaseGeneratedProguardFiles UP-TO-DATE
> Task :codetrix-studio-capacitor-google-auth:exportReleaseConsumerProguardFiles UP-TO-DATE
> Task :capacitor-android:mergeReleaseGeneratedProguardFiles UP-TO-DATE
> Task :capacitor-android:exportReleaseConsumerProguardFiles UP-TO-DATE
> Task :capacitor-cordova-android-plugins:generateReleaseResValues UP-TO-DATE
> Task :capacitor-cordova-android-plugins:generateReleaseResources UP-TO-DATE
> Task :capacitor-cordova-android-plugins:packageReleaseResources UP-TO-DATE
> Task :capacitor-cordova-android-plugins:processReleaseNavigationResources UP-TO-DATE
> Task :capacitor-cordova-android-plugins:parseReleaseLocalResources UP-TO-DATE
> Task :capacitor-cordova-android-plugins:generateReleaseRFile UP-TO-DATE
> Task :capacitor-cordova-android-plugins:javaPreCompileRelease UP-TO-DATE
> Task :capacitor-cordova-android-plugins:compileReleaseJavaWithJavac NO-SOURCE
> Task :capacitor-cordova-android-plugins:mergeReleaseGeneratedProguardFiles UP-TO-DATE
> Task :capacitor-cordova-android-plugins:exportReleaseConsumerProguardFiles UP-TO-DATE
> Task :app:checkReleaseDuplicateClasses UP-TO-DATE
> Task :app:javaPreCompileRelease UP-TO-DATE
> Task :capacitor-android:writeReleaseAarMetadata UP-TO-DATE
> Task :capacitor-app:writeReleaseAarMetadata UP-TO-DATE
> Task :capacitor-cordova-android-plugins:writeReleaseAarMetadata UP-TO-DATE
> Task :capacitor-haptics:writeReleaseAarMetadata UP-TO-DATE
> Task :capacitor-splash-screen:writeReleaseAarMetadata UP-TO-DATE
> Task :capacitor-status-bar:writeReleaseAarMetadata UP-TO-DATE
> Task :codetrix-studio-capacitor-google-auth:writeReleaseAarMetadata UP-TO-DATE
> Task :app:checkReleaseAarMetadata UP-TO-DATE
> Task :app:processReleaseNavigationResources UP-TO-DATE
> Task :app:compileReleaseNavigationResources UP-TO-DATE
> Task :app:generateReleaseResValues UP-TO-DATE
> Task :app:processReleaseGoogleServices UP-TO-DATE
> Task :app:mapReleaseSourceSetPaths UP-TO-DATE
> Task :app:generateReleaseResources UP-TO-DATE
> Task :app:mergeReleaseResources UP-TO-DATE
> Task :app:packageReleaseResources UP-TO-DATE
> Task :app:parseReleaseLocalResources UP-TO-DATE
> Task :app:createReleaseCompatibleScreenManifests UP-TO-DATE
> Task :app:extractDeepLinksRelease UP-TO-DATE
> Task :capacitor-android:extractDeepLinksRelease UP-TO-DATE
> Task :capacitor-android:processReleaseManifest UP-TO-DATE
> Task :capacitor-app:extractDeepLinksRelease UP-TO-DATE
> Task :capacitor-app:processReleaseManifest UP-TO-DATE
> Task :capacitor-cordova-android-plugins:extractDeepLinksRelease UP-TO-DATE
> Task :capacitor-cordova-android-plugins:processReleaseManifest UP-TO-DATE
> Task :capacitor-haptics:extractDeepLinksRelease UP-TO-DATE
> Task :capacitor-haptics:processReleaseManifest UP-TO-DATE
> Task :capacitor-splash-screen:extractDeepLinksRelease UP-TO-DATE
> Task :capacitor-splash-screen:processReleaseManifest UP-TO-DATE
> Task :capacitor-status-bar:extractDeepLinksRelease UP-TO-DATE
> Task :capacitor-status-bar:processReleaseManifest UP-TO-DATE
> Task :codetrix-studio-capacitor-google-auth:extractDeepLinksRelease UP-TO-DATE
> Task :codetrix-studio-capacitor-google-auth:processReleaseManifest UP-TO-DATE
> Task :app:processReleaseMainManifest UP-TO-DATE
> Task :app:processReleaseManifest UP-TO-DATE
> Task :app:processReleaseManifestForPackage UP-TO-DATE
> Task :app:processReleaseResources UP-TO-DATE
> Task :capacitor-app:bundleLibCompileToJarRelease UP-TO-DATE
> Task :capacitor-cordova-android-plugins:bundleLibCompileToJarRelease UP-TO-DATE
> Task :capacitor-haptics:bundleLibCompileToJarRelease UP-TO-DATE
> Task :capacitor-splash-screen:bundleLibCompileToJarRelease UP-TO-DATE
> Task :capacitor-status-bar:bundleLibCompileToJarRelease UP-TO-DATE
> Task :codetrix-studio-capacitor-google-auth:bundleLibCompileToJarRelease UP-TO-DATE
> Task :app:compileReleaseJavaWithJavac FAILED

[Incubating] Problems report is available at: file:///C:/Users/Mehedi%20Hasan/OneDrive/Desktop/Android%20app/School-Cricket-Live/android/build/reports/problems/problems-report.html

Deprecated Gradle features were used in this build, making it incompatible with Gradle 9.0.

You can use '--warning-mode all' to show the individual deprecation warnings and determine if they come from your own scripts or plugins.

For more on this, please refer to https://docs.gradle.org/8.14.3/userguide/command_line_interface.html#sec:command_line_warnings in the Gradle documentation.
131 actionable tasks: 1 executed, 130 up-to-date
