src/pages/TournamentPointsTable.tsx(8,35): error TS2307: Cannot find module '@/services/firestore/tournaments' or its corresponding type declarations.
src/pages/TournamentPointsTable.tsx(9,30): error TS2307: Cannot find module '@/services/firestore/matches' or its corresponding type declarations.
src/pages/TournamentPointsTable.tsx(10,30): error TS2307: Cannot find module '@/services/firestore/squads' or its corresponding type declarations.
src/pages/TournamentPointsTable.tsx(11,54): error TS2307: Cannot find module '@/types' or its corresponding type declarations.
src/pages/TournamentPointsTable.tsx(12,34): error TS2307: Cannot find module '@/engine/tournament' or its corresponding type declarations.
src/pages/TournamentPointsTable.tsx(13,65): error TS2307: Cannot find module '@/engine/tournament' or its corresponding type declarations.
src/pages/TournamentPointsTable.tsx(14,28): error TS2307: Cannot find module '@/components/tournament/PlayoffBracket' or its corresponding type declarations.
src/pages/TournamentPointsTable.tsx(287,23): error TS17004: Cannot use JSX unless the '--jsx' flag is provided.
src/pages/TournamentPointsTable.tsx(293,5): error TS17004: Cannot use JSX unless the '--jsx' flag is provided.
src/pages/TournamentPointsTable.tsx(295,7): error TS17004: Cannot use JSX unless the '--jsx' flag is provided.
src/pages/TournamentPointsTable.tsx(296,9): error TS17004: Cannot use JSX unless the '--jsx' flag is provided.
src/pages/TournamentPointsTable.tsx(297,9): error TS17004: Cannot use JSX unless the '--jsx' flag is provided.
src/pages/TournamentPointsTable.tsx(298,11): error TS17004: Cannot use JSX unless the '--jsx' flag is provided.
src/pages/TournamentPointsTable.tsx(299,11): error TS17004: Cannot use JSX unless the '--jsx' flag is provided.
src/pages/TournamentPointsTable.tsx(303,13): error TS17004: Cannot use JSX unless the '--jsx' flag is provided.
src/pages/TournamentPointsTable.tsx(310,9): error TS17004: Cannot use JSX unless the '--jsx' flag is provided.
src/pages/TournamentPointsTable.tsx(312,13): error TS17004: Cannot use JSX unless the '--jsx' flag is provided.
src/pages/TournamentPointsTable.tsx(327,7): error TS17004: Cannot use JSX unless the '--jsx' flag is provided.
src/pages/TournamentPointsTable.tsx(328,9): error TS17004: Cannot use JSX unless the '--jsx' flag is provided.
src/pages/TournamentPointsTable.tsx(329,11): error TS17004: Cannot use JSX unless the '--jsx' flag is provided.
src/pages/TournamentPointsTable.tsx(330,13): error TS17004: Cannot use JSX unless the '--jsx' flag is provided.
src/pages/TournamentPointsTable.tsx(331,15): error TS17004: Cannot use JSX unless the '--jsx' flag is provided.
src/pages/TournamentPointsTable.tsx(332,17): error TS17004: Cannot use JSX unless the '--jsx' flag is provided.
src/pages/TournamentPointsTable.tsx(333,17): error TS17004: Cannot use JSX unless the '--jsx' flag is provided.
src/pages/TournamentPointsTable.tsx(334,17): error TS17004: Cannot use JSX unless the '--jsx' flag is provided.
src/pages/TournamentPointsTable.tsx(335,17): error TS17004: Cannot use JSX unless the '--jsx' flag is provided.
src/pages/TournamentPointsTable.tsx(336,17): error TS17004: Cannot use JSX unless the '--jsx' flag is provided.
src/pages/TournamentPointsTable.tsx(337,17): error TS17004: Cannot use JSX unless the '--jsx' flag is provided.
src/pages/TournamentPointsTable.tsx(338,17): error TS17004: Cannot use JSX unless the '--jsx' flag is provided.
src/pages/TournamentPointsTable.tsx(341,13): error TS17004: Cannot use JSX unless the '--jsx' flag is provided.
src/pages/TournamentPointsTable.tsx(348,19): error TS17004: Cannot use JSX unless the '--jsx' flag is provided.
src/pages/TournamentPointsTable.tsx(349,21): error TS17004: Cannot use JSX unless the '--jsx' flag is provided.
src/pages/TournamentPointsTable.tsx(350,23): error TS17004: Cannot use JSX unless the '--jsx' flag is provided.
src/pages/TournamentPointsTable.tsx(351,25): error TS17004: Cannot use JSX unless the '--jsx' flag is provided.
src/pages/TournamentPointsTable.tsx(353,29): error TS17004: Cannot use JSX unless the '--jsx' flag is provided.
src/pages/TournamentPointsTable.tsx(355,27): error TS17004: Cannot use JSX unless the '--jsx' flag is provided.
src/pages/TournamentPointsTable.tsx(357,31): error TS17004: Cannot use JSX unless the '--jsx' flag is provided.
src/pages/TournamentPointsTable.tsx(359,31): error TS17004: Cannot use JSX unless the '--jsx' flag is provided.
src/pages/TournamentPointsTable.tsx(365,25): error TS17004: Cannot use JSX unless the '--jsx' flag is provided.
src/pages/TournamentPointsTable.tsx(368,21): error TS17004: Cannot use JSX unless the '--jsx' flag is provided.
src/pages/TournamentPointsTable.tsx(369,21): error TS17004: Cannot use JSX unless the '--jsx' flag is provided.
src/pages/TournamentPointsTable.tsx(370,21): error TS17004: Cannot use JSX unless the '--jsx' flag is provided.
src/pages/TournamentPointsTable.tsx(371,21): error TS17004: Cannot use JSX unless the '--jsx' flag is provided.
src/pages/TournamentPointsTable.tsx(372,21): error TS17004: Cannot use JSX unless the '--jsx' flag is provided.
src/pages/TournamentPointsTable.tsx(373,21): error TS17004: Cannot use JSX unless the '--jsx' flag is provided.
src/pages/TournamentPointsTable.tsx(382,9): error TS17004: Cannot use JSX unless the '--jsx' flag is provided.
src/pages/TournamentPointsTable.tsx(383,11): error TS17004: Cannot use JSX unless the '--jsx' flag is provided.
src/pages/TournamentPointsTable.tsx(384,11): error TS17004: Cannot use JSX unless the '--jsx' flag is provided.
src/pages/TournamentPointsTable.tsx(390,9): error TS17004: Cannot use JSX unless the '--jsx' flag is provided.
src/pages/TournamentPointsTable.tsx(391,11): error TS17004: Cannot use JSX unless the '--jsx' flag is provided.
src/pages/TournamentPointsTable.tsx(392,13): error TS17004: Cannot use JSX unless the '--jsx' flag is provided.
src/pages/TournamentPointsTable.tsx(393,13): error TS17004: Cannot use JSX unless the '--jsx' flag is provided.
src/pages/TournamentPointsTable.tsx(395,11): error TS17004: Cannot use JSX unless the '--jsx' flag is provided.
src/pages/TournamentPointsTable.tsx(396,13): error TS17004: Cannot use JSX unless the '--jsx' flag is provided.
